make -C libft
cc -g -Wall -Wextra -Werror -D_DEFAULT_SOURCE -Iincludes -c src/main.c -o src/main.o
cc -g -Wall -Wextra -Werror -D_DEFAULT_SOURCE -Iincludes -c src/shell_init.c -o src/shell_init.o
cc -g -Wall -Wextra -Werror -D_DEFAULT_SOURCE -Iincludes -c src/parse_exec.c -o src/parse_exec.o
cc -g -Wall -Wextra -Werror -D_DEFAULT_SOURCE -Iincludes -c src/shell_loop_utils.c -o src/shell_loop_utils.o
make[1]: Entering directory '/home/ymizuniw/minishell/libft'
cc -g -Wall -Wextra -Werror -c ft_atoi.c -o ft_atoi.o
cc -g -Wall -Wextra -Werror -D_DEFAULT_SOURCE -Iincludes -c src/builtin/exec_builtin.c -o src/builtin/exec_builtin.o
cc -g -Wall -Wextra -Werror -c ft_atoll.c -o ft_atoll.o
cc -g -Wall -Wextra -Werror -D_DEFAULT_SOURCE -Iincludes -c src/builtin/ft_cd.c -o src/builtin/ft_cd.o
cc -g -Wall -Wextra -Werror -c ft_bzero.c -o ft_bzero.o
cc -g -Wall -Wextra -Werror -D_DEFAULT_SOURCE -Iincludes -c src/builtin/ft_echo.c -o src/builtin/ft_echo.o
cc -g -Wall -Wextra -Werror -c ft_calloc.c -o ft_calloc.o
cc -g -Wall -Wextra -Werror -c ft_isalnum.c -o ft_isalnum.o
cc -g -Wall -Wextra -Werror -D_DEFAULT_SOURCE -Iincludes -c src/builtin/ft_env.c -o src/builtin/ft_env.o
cc -g -Wall -Wextra -Werror -c ft_isalpha.c -o ft_isalpha.o
cc -g -Wall -Wextra -Werror -D_DEFAULT_SOURCE -Iincludes -c src/builtin/ft_exit.c -o src/builtin/ft_exit.o
cc -g -Wall -Wextra -Werror -c ft_isascii.c -o ft_isascii.o
cc -g -Wall -Wextra -Werror -c ft_isdigit.c -o ft_isdigit.o
cc -g -Wall -Wextra -Werror -c ft_isprint.c -o ft_isprint.o
cc -g -Wall -Wextra -Werror -c ft_isspace.c -o ft_isspace.o
cc -g -Wall -Wextra -Werror -D_DEFAULT_SOURCE -Iincludes -c src/builtin/ft_export/ft_export.c -o src/builtin/ft_export/ft_export.o
cc -g -Wall -Wextra -Werror -D_DEFAULT_SOURCE -Iincludes -c src/builtin/ft_export/export_print.c -o src/builtin/ft_export/export_print.o
cc -g -Wall -Wextra -Werror -D_DEFAULT_SOURCE -Iincludes -c src/builtin/ft_pwd.c -o src/builtin/ft_pwd.o
cc -g -Wall -Wextra -Werror -c ft_itoa.c -o ft_itoa.o
cc -g -Wall -Wextra -Werror -c ft_lst_add_back.c -o ft_lst_add_back.o
cc -g -Wall -Wextra -Werror -c ft_lst_last.c -o ft_lst_last.o
cc -g -Wall -Wextra -Werror -D_DEFAULT_SOURCE -Iincludes -c src/builtin/ft_unset.c -o src/builtin/ft_unset.o
cc -g -Wall -Wextra -Werror -c ft_memcpy.c -o ft_memcpy.o
cc -g -Wall -Wextra -Werror -D_DEFAULT_SOURCE -Iincludes -c src/builtin/expand_wildcard.c -o src/builtin/expand_wildcard.o
cc -g -Wall -Wextra -Werror -D_DEFAULT_SOURCE -Iincludes -c src/builtin/builtin_utils/get_pwd.c -o src/builtin/builtin_utils/get_pwd.o
cc -g -Wall -Wextra -Werror -D_DEFAULT_SOURCE -Iincludes -c src/builtin/builtin_utils/is_builtin.c -o src/builtin/builtin_utils/is_builtin.o
cc -g -Wall -Wextra -Werror -c ft_memmove.c -o ft_memmove.o
cc -g -Wall -Wextra -Werror -c ft_memset.c -o ft_memset.o
cc -g -Wall -Wextra -Werror -D_DEFAULT_SOURCE -Iincludes -c src/builtin/builtin_utils/wildcard_utils.c -o src/builtin/builtin_utils/wildcard_utils.o
cc -g -Wall -Wextra -Werror -D_DEFAULT_SOURCE -Iincludes -c src/data_management/alloc_t.c -o src/data_management/alloc_t.o
cc -g -Wall -Wextra -Werror -c ft_putchar_fd.c -o ft_putchar_fd.o
cc -g -Wall -Wextra -Werror -c ft_putendl_fd.c -o ft_putendl_fd.o
cc -g -Wall -Wextra -Werror -D_DEFAULT_SOURCE -Iincludes -c src/data_management/free_t.c -o src/data_management/free_t.o
cc -g -Wall -Wextra -Werror -D_DEFAULT_SOURCE -Iincludes -c src/data_management/free_ast.c -o src/data_management/free_ast.o
cc -g -Wall -Wextra -Werror -c ft_putnbr_fd.c -o ft_putnbr_fd.o
cc -g -Wall -Wextra -Werror -D_DEFAULT_SOURCE -Iincludes -c src/data_management/cleanup_execve.c -o src/data_management/cleanup_execve.o
cc -g -Wall -Wextra -Werror -D_DEFAULT_SOURCE -Iincludes -c src/data_management/xfree.c -o src/data_management/xfree.o
cc -g -Wall -Wextra -Werror -D_DEFAULT_SOURCE -Iincludes -c src/data_management/xmalloc.c -o src/data_management/xmalloc.o
cc -g -Wall -Wextra -Werror -c ft_putstr_fd.c -o ft_putstr_fd.o
cc -g -Wall -Wextra -Werror -c ft_realloc.c -o ft_realloc.o
cc -g -Wall -Wextra -Werror -c ft_split.c -o ft_split.o
cc -g -Wall -Wextra -Werror -c ft_strchr.c -o ft_strchr.o
cc -g -Wall -Wextra -Werror -D_DEFAULT_SOURCE -Iincludes -c src/data_management/list_utils_last.c -o src/data_management/list_utils_last.o
cc -g -Wall -Wextra -Werror -c ft_strcmp.c -o ft_strcmp.o
cc -g -Wall -Wextra -Werror -D_DEFAULT_SOURCE -Iincludes -c src/data_management/list_utils_add.c -o src/data_management/list_utils_add.o
cc -g -Wall -Wextra -Werror -c ft_strdup.c -o ft_strdup.o
cc -g -Wall -Wextra -Werror -c ft_striteri.c -o ft_striteri.o
cc -g -Wall -Wextra -Werror -D_DEFAULT_SOURCE -Iincludes -c src/data_management/xclose.c -o src/data_management/xclose.o
cc -g -Wall -Wextra -Werror -c ft_strjoin.c -o ft_strjoin.o
cc -g -Wall -Wextra -Werror -D_DEFAULT_SOURCE -Iincludes -c src/env_management/ft_getenv.c -o src/env_management/ft_getenv.o
cc -g -Wall -Wextra -Werror -c ft_strlcat.c -o ft_strlcat.o
cc -g -Wall -Wextra -Werror -D_DEFAULT_SOURCE -Iincludes -c src/env_management/getenv_utiles.c -o src/env_management/getenv_utiles.o
cc -g -Wall -Wextra -Werror -D_DEFAULT_SOURCE -Iincludes -c src/env_management/init_env.c -o src/env_management/init_env.o
cc -g -Wall -Wextra -Werror -D_DEFAULT_SOURCE -Iincludes -c src/executer/executor.c -o src/executer/executor.o
cc -g -Wall -Wextra -Werror -c ft_strlcpy.c -o ft_strlcpy.o
cc -g -Wall -Wextra -Werror -D_DEFAULT_SOURCE -Iincludes -c src/executer/executor_utils/ast_traversal_utils/ast_traversal.c -o src/executer/executor_utils/ast_traversal_utils/ast_traversal.o
cc -g -Wall -Wextra -Werror -c ft_strlen.c -o ft_strlen.o
cc -g -Wall -Wextra -Werror -c ft_strmapi.c -o ft_strmapi.o
cc -g -Wall -Wextra -Werror -c ft_strncmp.c -o ft_strncmp.o
cc -g -Wall -Wextra -Werror -D_DEFAULT_SOURCE -Iincludes -c src/executer/executor_utils/ast_traversal_utils/do_redirection.c -o src/executer/executor_utils/ast_traversal_utils/do_redirection.o
cc -g -Wall -Wextra -Werror -c ft_strncpy.c -o ft_strncpy.o
cc -g -Wall -Wextra -Werror -c ft_strndup.c -o ft_strndup.o
cc -g -Wall -Wextra -Werror -c ft_strnstr.c -o ft_strnstr.o
cc -g -Wall -Wextra -Werror -D_DEFAULT_SOURCE -Iincludes -c src/executer/executor_utils/ast_traversal_utils/exec_command.c -o src/executer/executor_utils/ast_traversal_utils/exec_command.o
cc -g -Wall -Wextra -Werror -c ft_strrchr.c -o ft_strrchr.o
cc -g -Wall -Wextra -Werror -D_DEFAULT_SOURCE -Iincludes -c src/executer/executor_utils/ast_traversal_utils/exec_pipe.c -o src/executer/executor_utils/ast_traversal_utils/exec_pipe.o
cc -g -Wall -Wextra -Werror -D_DEFAULT_SOURCE -Iincludes -c src/executer/executor_utils/ast_traversal_utils/exec_subshell.c -o src/executer/executor_utils/ast_traversal_utils/exec_subshell.o
cc -g -Wall -Wextra -Werror -D_DEFAULT_SOURCE -Iincludes -c src/executer/executor_utils/heredoc/ft_mkstmp.c -o src/executer/executor_utils/heredoc/ft_mkstmp.o
cc -g -Wall -Wextra -Werror -c ft_strstr.c -o ft_strstr.o
cc -g -Wall -Wextra -Werror -c ft_strtrim.c -o ft_strtrim.o
cc -g -Wall -Wextra -Werror -D_DEFAULT_SOURCE -Iincludes -c src/executer/executor_utils/heredoc/make_heredoc.c -o src/executer/executor_utils/heredoc/make_heredoc.o
cc -g -Wall -Wextra -Werror -D_DEFAULT_SOURCE -Iincludes -c src/executer/executor_utils/heredoc/get_document.c -o src/executer/executor_utils/heredoc/get_document.o
cc -g -Wall -Wextra -Werror -c ft_substr.c -o ft_substr.o
cc -g -Wall -Wextra -Werror -c ft_tolower.c -o ft_tolower.o
cc -g -Wall -Wextra -Werror -D_DEFAULT_SOURCE -Iincludes -c src/executer/executor_utils/heredoc/heredoc_value_expansion.c -o src/executer/executor_utils/heredoc/heredoc_value_expansion.o
cc -g -Wall -Wextra -Werror -D_DEFAULT_SOURCE -Iincludes -c src/executer/executor_utils/search_and_exec/search_and_exec.c -o src/executer/executor_utils/search_and_exec/search_and_exec.o
cc -g -Wall -Wextra -Werror -c ft_toupper.c -o ft_toupper.o
cc -g -Wall -Wextra -Werror -c xfree.c -o xfree.o
cc -g -Wall -Wextra -Werror -D_DEFAULT_SOURCE -Iincludes -c src/executer/executor_utils/search_and_exec/run_external_cmd.c -o src/executer/executor_utils/search_and_exec/run_external_cmd.o
cc -g -Wall -Wextra -Werror -c xmalloc.c -o xmalloc.o
cc -g -Wall -Wextra -Werror -D_DEFAULT_SOURCE -Iincludes -c src/executer/executor_utils/search_and_exec/find_command_path.c -o src/executer/executor_utils/search_and_exec/find_command_path.o
cc -g -Wall -Wextra -Werror -D_DEFAULT_SOURCE -Iincludes -c src/executer/executor_utils/search_and_exec/expand_value.c -o src/executer/executor_utils/search_and_exec/expand_value.o
cc -g -Wall -Wextra -Werror -D_DEFAULT_SOURCE -Iincludes -c src/executer/executor_utils/search_and_exec/ft_itoa.c -o src/executer/executor_utils/search_and_exec/ft_itoa.o
cc -g -Wall -Wextra -Werror -c get_next_line/get_next_line.c -o get_next_line/get_next_line.o
cc -g -Wall -Wextra -Werror -D_DEFAULT_SOURCE -Iincludes -c src/executer/executor_utils/search_and_exec/exec_with_slash.c -o src/executer/executor_utils/search_and_exec/exec_with_slash.o
cc -g -Wall -Wextra -Werror -D_DEFAULT_SOURCE -Iincludes -c src/executer/executor_utils/search_and_exec/string_utiles.c -o src/executer/executor_utils/search_and_exec/string_utiles.o
cc -g -Wall -Wextra -Werror -D_DEFAULT_SOURCE -Iincludes -c src/executer/executor_utils/search_and_exec/env_utiles.c -o src/executer/executor_utils/search_and_exec/env_utiles.o
cc -g -Wall -Wextra -Werror -D_DEFAULT_SOURCE -Iincludes -c src/executer/executor_utils/search_and_exec/generate_env.c -o src/executer/executor_utils/search_and_exec/generate_env.o
cc -g -Wall -Wextra -Werror -D_DEFAULT_SOURCE -Iincludes -c src/executer/executor_utils/search_and_exec/expand_dollar.c -o src/executer/executor_utils/search_and_exec/expand_dollar.o
cc -g -Wall -Wextra -Werror -D_DEFAULT_SOURCE -Iincludes -c src/lexer/lexer.c -o src/lexer/lexer.o
cc -g -Wall -Wextra -Werror -D_DEFAULT_SOURCE -Iincludes -c src/lexer/lexer_utils/prepend_tokens.c -o src/lexer/lexer_utils/prepend_tokens.o
cc -g -Wall -Wextra -Werror -D_DEFAULT_SOURCE -Iincludes -c src/lexer/lexer_utils/get_meta_char.c -o src/lexer/lexer_utils/get_meta_char.o
cc -g -Wall -Wextra -Werror -D_DEFAULT_SOURCE -Iincludes -c src/lexer/lexer_utils/get_token_type.c -o src/lexer/lexer_utils/get_token_type.o
cc -g -Wall -Wextra -Werror -D_DEFAULT_SOURCE -Iincludes -c src/lexer/lexer_utils/get_token_type_utils.c -o src/lexer/lexer_utils/get_token_type_utils.o
cc -g -Wall -Wextra -Werror -D_DEFAULT_SOURCE -Iincludes -c src/lexer/lexer_utils/is_doller_token.c -o src/lexer/lexer_utils/is_doller_token.o
cc -g -Wall -Wextra -Werror -D_DEFAULT_SOURCE -Iincludes -c src/lexer/lexer_utils/is_quote.c -o src/lexer/lexer_utils/is_quote.o
cc -g -Wall -Wextra -Werror -D_DEFAULT_SOURCE -Iincludes -c src/lexer/lexer_utils/set_quote_flag.c -o src/lexer/lexer_utils/set_quote_flag.o
cc -g -Wall -Wextra -Werror -D_DEFAULT_SOURCE -Iincludes -c src/lexer/lexer_utils/set_token_type.c -o src/lexer/lexer_utils/set_token_type.o
ar rcs libft.a ft_atoi.o ft_atoll.o ft_bzero.o ft_calloc.o ft_isalnum.o ft_isalpha.o ft_isascii.o ft_isdigit.o ft_isprint.o ft_isspace.o ft_itoa.o ft_lst_add_back.o ft_lst_last.o ft_memcpy.o ft_memmove.o ft_memset.o ft_putchar_fd.o ft_putendl_fd.o ft_putnbr_fd.o ft_putstr_fd.o ft_realloc.o ft_split.o ft_strchr.o ft_strcmp.o ft_strdup.o ft_striteri.o ft_strjoin.o ft_strlcat.o ft_strlcpy.o ft_strlen.o ft_strmapi.o ft_strncmp.o ft_strncpy.o ft_strndup.o ft_strnstr.o ft_strrchr.o ft_strstr.o ft_strtrim.o ft_substr.o ft_tolower.o ft_toupper.o xfree.o xmalloc.o get_next_line/get_next_line.o
cc -g -Wall -Wextra -Werror -D_DEFAULT_SOURCE -Iincludes -c src/lexer/lexer_utils/word_cat.c -o src/lexer/lexer_utils/word_cat.o
cc -g -Wall -Wextra -Werror -D_DEFAULT_SOURCE -Iincludes -c src/lexer/lexer_utils/gen_word.c -o src/lexer/lexer_utils/gen_word.o
cc -g -Wall -Wextra -Werror -D_DEFAULT_SOURCE -Iincludes -c src/lexer/lexer_utils/gen_word_utils.c -o src/lexer/lexer_utils/gen_word_utils.o
cc -g -Wall -Wextra -Werror -D_DEFAULT_SOURCE -Iincludes -c src/lexer/lexer_utils/gen_word_wrappers.c -o src/lexer/lexer_utils/gen_word_wrappers.o
cc -g -Wall -Wextra -Werror -D_DEFAULT_SOURCE -Iincludes -c src/lexer/lexer_utils/gen_word_loop.c -o src/lexer/lexer_utils/gen_word_loop.o
cc -g -Wall -Wextra -Werror -D_DEFAULT_SOURCE -Iincludes -c src/lexer/lexer_utils/lexer_handlers.c -o src/lexer/lexer_utils/lexer_handlers.o
cc -g -Wall -Wextra -Werror -D_DEFAULT_SOURCE -Iincludes -c src/lexer/lexer_utils/lexer_handlers_meta.c -o src/lexer/lexer_utils/lexer_handlers_meta.o
cc -g -Wall -Wextra -Werror -D_DEFAULT_SOURCE -Iincludes -c src/lexer/lexer_utils/lexer_handlers_word.c -o src/lexer/lexer_utils/lexer_handlers_word.o
cc -g -Wall -Wextra -Werror -D_DEFAULT_SOURCE -Iincludes -c src/lexer/word_expansion/ft_expand_word.c -o src/lexer/word_expansion/ft_expand_word.o
cc -g -Wall -Wextra -Werror -D_DEFAULT_SOURCE -Iincludes -c src/lexer/word_expansion/expand_dollar.c -o src/lexer/word_expansion/expand_dollar.o
cc -g -Wall -Wextra -Werror -D_DEFAULT_SOURCE -Iincludes -c src/lexer/word_expansion/expand_wildcard_word.c -o src/lexer/word_expansion/expand_wildcard_word.o
cc -g -Wall -Wextra -Werror -D_DEFAULT_SOURCE -Iincludes -c src/lexer/word_expansion/expand_plain_word.c -o src/lexer/word_expansion/expand_plain_word.o
cc -g -Wall -Wextra -Werror -D_DEFAULT_SOURCE -Iincludes -c src/lexer/word_expansion/word_list_utils.c -o src/lexer/word_expansion/word_list_utils.o
cc -g -Wall -Wextra -Werror -D_DEFAULT_SOURCE -Iincludes -c src/lexer/word_expansion/expand_word_string.c -o src/lexer/word_expansion/expand_word_string.o
make[1]: Leaving directory '/home/ymizuniw/minishell/libft'
cc -g -Wall -Wextra -Werror -D_DEFAULT_SOURCE -Iincludes -c src/lexer/word_expansion/expand_word_wildcard.c -o src/lexer/word_expansion/expand_word_wildcard.o
cc -g -Wall -Wextra -Werror -D_DEFAULT_SOURCE -Iincludes -c src/lexer/word_expansion/expand_word_utils.c -o src/lexer/word_expansion/expand_word_utils.o
cc -g -Wall -Wextra -Werror -D_DEFAULT_SOURCE -Iincludes -c src/lexer/word_list/gen_word_list.c -o src/lexer/word_list/gen_word_list.o
cc -g -Wall -Wextra -Werror -D_DEFAULT_SOURCE -Iincludes -c src/lexer/word_list/word_node_utils.c -o src/lexer/word_list/word_node_utils.o
cc -g -Wall -Wextra -Werror -D_DEFAULT_SOURCE -Iincludes -c src/lexer/word_list/quoted_word_handler.c -o src/lexer/word_list/quoted_word_handler.o
cc -g -Wall -Wextra -Werror -D_DEFAULT_SOURCE -Iincludes -c src/lexer/word_list/unquoted_word_handler.c -o src/lexer/word_list/unquoted_word_handler.o
cc -g -Wall -Wextra -Werror -D_DEFAULT_SOURCE -Iincludes -c src/parser/fucking_gen_tree.c -o src/parser/fucking_gen_tree.o
cc -g -Wall -Wextra -Werror -D_DEFAULT_SOURCE -Iincludes -c src/parser/gen_tree_utils.c -o src/parser/gen_tree_utils.o
cc -g -Wall -Wextra -Werror -D_DEFAULT_SOURCE -Iincludes -c src/parser/gen_command_node.c -o src/parser/gen_command_node.o
cc -g -Wall -Wextra -Werror -D_DEFAULT_SOURCE -Iincludes -c src/parser/gen_command_utils.c -o src/parser/gen_command_utils.o
cc -g -Wall -Wextra -Werror -D_DEFAULT_SOURCE -Iincludes -c src/parser/gen_op_sep_sub_node.c -o src/parser/gen_op_sep_sub_node.o
cc -g -Wall -Wextra -Werror -D_DEFAULT_SOURCE -Iincludes -c src/parser/token_type_identification.c -o src/parser/token_type_identification.o
cc -g -Wall -Wextra -Werror -D_DEFAULT_SOURCE -Iincludes -c src/parser/check_parenthesis.c -o src/parser/check_parenthesis.o
cc -g -Wall -Wextra -Werror -D_DEFAULT_SOURCE -Iincludes -c src/parser/check_parenthesis_utils.c -o src/parser/check_parenthesis_utils.o
cc -g -Wall -Wextra -Werror -D_DEFAULT_SOURCE -Iincludes -c src/parser/syntax_checker.c -o src/parser/syntax_checker.o
cc -g -Wall -Wextra -Werror -D_DEFAULT_SOURCE -Iincludes -c src/parser/syntax_error.c -o src/parser/syntax_error.o
cc -g -Wall -Wextra -Werror -D_DEFAULT_SOURCE -Iincludes -c src/signal_management/signal_management.c -o src/signal_management/signal_management.o
cc -g -Wall -Wextra -Werror -D_DEFAULT_SOURCE -Iincludes -c src/ft_readline/ft_readline.c -o src/ft_readline/ft_readline.o
cc -g -Wall -Wextra -Werror -D_DEFAULT_SOURCE -Iincludes -c src/ft_readline/readline_utils/terminal_utils.c -o src/ft_readline/readline_utils/terminal_utils.o
cc -g -Wall -Wextra -Werror -D_DEFAULT_SOURCE -Iincludes -c src/ft_readline/readline_utils/input_handlers.c -o src/ft_readline/readline_utils/input_handlers.o
cc -g -Wall -Wextra -Werror -D_DEFAULT_SOURCE -Iincludes -c src/ft_readline/readline_utils/history_navigation.c -o src/ft_readline/readline_utils/history_navigation.o
cc -g -Wall -Wextra -Werror -D_DEFAULT_SOURCE -Iincludes -c src/ft_readline/readline_utils/history_management.c -o src/ft_readline/readline_utils/history_management.o
cc -g -Wall -Wextra -Werror -D_DEFAULT_SOURCE src/main.o src/shell_init.o src/parse_exec.o src/shell_loop_utils.o src/builtin/exec_builtin.o src/builtin/ft_cd.o src/builtin/ft_echo.o src/builtin/ft_env.o src/builtin/ft_exit.o src/builtin/ft_export/ft_export.o src/builtin/ft_export/export_print.o src/builtin/ft_pwd.o src/builtin/ft_unset.o src/builtin/expand_wildcard.o src/builtin/builtin_utils/get_pwd.o src/builtin/builtin_utils/is_builtin.o src/builtin/builtin_utils/wildcard_utils.o src/data_management/alloc_t.o src/data_management/free_t.o src/data_management/free_ast.o src/data_management/cleanup_execve.o src/data_management/xfree.o src/data_management/xmalloc.o src/data_management/list_utils_last.o src/data_management/list_utils_add.o src/data_management/xclose.o src/env_management/ft_getenv.o src/env_management/getenv_utiles.o src/env_management/init_env.o src/executer/executor.o src/executer/executor_utils/ast_traversal_utils/ast_traversal.o src/executer/executor_utils/ast_traversal_utils/do_redirection.o src/executer/executor_utils/ast_traversal_utils/exec_command.o src/executer/executor_utils/ast_traversal_utils/exec_pipe.o src/executer/executor_utils/ast_traversal_utils/exec_subshell.o src/executer/executor_utils/heredoc/ft_mkstmp.o src/executer/executor_utils/heredoc/make_heredoc.o src/executer/executor_utils/heredoc/get_document.o src/executer/executor_utils/heredoc/heredoc_value_expansion.o src/executer/executor_utils/search_and_exec/search_and_exec.o src/executer/executor_utils/search_and_exec/run_external_cmd.o src/executer/executor_utils/search_and_exec/find_command_path.o src/executer/executor_utils/search_and_exec/expand_value.o src/executer/executor_utils/search_and_exec/ft_itoa.o src/executer/executor_utils/search_and_exec/exec_with_slash.o src/executer/executor_utils/search_and_exec/string_utiles.o src/executer/executor_utils/search_and_exec/env_utiles.o src/executer/executor_utils/search_and_exec/generate_env.o src/executer/executor_utils/search_and_exec/expand_dollar.o src/lexer/lexer.o src/lexer/lexer_utils/prepend_tokens.o src/lexer/lexer_utils/get_meta_char.o src/lexer/lexer_utils/get_token_type.o src/lexer/lexer_utils/get_token_type_utils.o src/lexer/lexer_utils/is_doller_token.o src/lexer/lexer_utils/is_quote.o src/lexer/lexer_utils/set_quote_flag.o src/lexer/lexer_utils/set_token_type.o src/lexer/lexer_utils/word_cat.o src/lexer/lexer_utils/gen_word.o src/lexer/lexer_utils/gen_word_utils.o src/lexer/lexer_utils/gen_word_wrappers.o src/lexer/lexer_utils/gen_word_loop.o src/lexer/lexer_utils/lexer_handlers.o src/lexer/lexer_utils/lexer_handlers_meta.o src/lexer/lexer_utils/lexer_handlers_word.o src/lexer/word_expansion/ft_expand_word.o src/lexer/word_expansion/expand_dollar.o src/lexer/word_expansion/expand_wildcard_word.o src/lexer/word_expansion/expand_plain_word.o src/lexer/word_expansion/word_list_utils.o src/lexer/word_expansion/expand_word_string.o src/lexer/word_expansion/expand_word_wildcard.o src/lexer/word_expansion/expand_word_utils.o src/lexer/word_list/gen_word_list.o src/lexer/word_list/word_node_utils.o src/lexer/word_list/quoted_word_handler.o src/lexer/word_list/unquoted_word_handler.o src/parser/fucking_gen_tree.o src/parser/gen_tree_utils.o src/parser/gen_command_node.o src/parser/gen_command_utils.o src/parser/gen_op_sep_sub_node.o src/parser/token_type_identification.o src/parser/check_parenthesis.o src/parser/check_parenthesis_utils.o src/parser/syntax_checker.o src/parser/syntax_error.o src/signal_management/signal_management.o src/ft_readline/ft_readline.o src/ft_readline/readline_utils/terminal_utils.o src/ft_readline/readline_utils/input_handlers.o src/ft_readline/readline_utils/history_navigation.o src/ft_readline/readline_utils/history_management.o libft/libft.a   -lreadline -o minishell
